------------------------------------------------------------
TimeQuest Timing Analyzer Summary
------------------------------------------------------------

Type  : Slow 1200mV 85C Model Setup 'Temporizador:temp|clockT'
Slack : -142.446
TNS   : -296130.641

Type  : Slow 1200mV 85C Model Setup 'clock50M'
Slack : -142.113
TNS   : -4939.901

Type  : Slow 1200mV 85C Model Hold 'Temporizador:temp|clockT'
Slack : 0.402
TNS   : 0.000

Type  : Slow 1200mV 85C Model Hold 'clock50M'
Slack : 0.655
TNS   : 0.000

Type  : Slow 1200mV 85C Model Minimum Pulse Width 'clock50M'
Slack : -3.000
TNS   : -302.690

Type  : Slow 1200mV 85C Model Minimum Pulse Width 'Temporizador:temp|clockT'
Slack : -2.693
TNS   : -3178.812

Type  : Slow 1200mV 0C Model Setup 'Temporizador:temp|clockT'
Slack : -128.791
TNS   : -267676.020

Type  : Slow 1200mV 0C Model Setup 'clock50M'
Slack : -128.513
TNS   : -4456.372

Type  : Slow 1200mV 0C Model Hold 'Temporizador:temp|clockT'
Slack : 0.352
TNS   : 0.000

Type  : Slow 1200mV 0C Model Hold 'clock50M'
Slack : 0.599
TNS   : 0.000

Type  : Slow 1200mV 0C Model Minimum Pulse Width 'clock50M'
Slack : -3.000
TNS   : -299.830

Type  : Slow 1200mV 0C Model Minimum Pulse Width 'Temporizador:temp|clockT'
Slack : -2.649
TNS   : -3172.476

Type  : Fast 1200mV 0C Model Setup 'Temporizador:temp|clockT'
Slack : -70.382
TNS   : -146117.050

Type  : Fast 1200mV 0C Model Setup 'clock50M'
Slack : -70.088
TNS   : -2377.667

Type  : Fast 1200mV 0C Model Hold 'Temporizador:temp|clockT'
Slack : 0.181
TNS   : 0.000

Type  : Fast 1200mV 0C Model Hold 'clock50M'
Slack : 0.247
TNS   : 0.000

Type  : Fast 1200mV 0C Model Minimum Pulse Width 'clock50M'
Slack : -3.000
TNS   : -181.533

Type  : Fast 1200mV 0C Model Minimum Pulse Width 'Temporizador:temp|clockT'
Slack : -1.000
TNS   : -2316.000

------------------------------------------------------------
